// Jest Snapshot v1, https://goo.gl/fbAQLP

exports[`<ProfileMenu /> should render and match the snapshot 1`] = `
<div
  class="styled__NavbarDropdown-sc-7phmer-1 jHRuzN"
>
  <span
    class="styled__GenericLink-sc-7phmer-2 DVTBc"
  />
  <div
    class="styled__NavbarDropdownContent-sc-7phmer-0 cHginJ"
  >
    <a
      class="styled__MyGolfLink-sc-7phmer-4 bCnZuf"
      href="/clubhouse"
    >
      My Clubhouse
    </a>
    <div
      class="styled__GenericMenuItem-sc-7phmer-5 eXYDVr"
    >
      Migrate to Flow
    </div>
    <div
      style="margin-top: 5px;"
    />
    <div
      class="styled__LogOut-sc-7phmer-3 dkZVFX"
    >
      Logout
    </div>
  </div>
</div>
`;
