// Jest Snapshot v1, https://goo.gl/fbAQLP

exports[`<StatsPercent percent={45} /> should render and match the snapshot 1`] = `
<div
  class="styled__SkillsWrapper-eq9qcb-0 dzynjk"
>
  <div
    class="styled__CurrentSkill-eq9qcb-1 ffoRYJ"
    width="45"
  />
  <div
    class="styled__PotentialSkill-eq9qcb-2 loyeFh"
    width="100"
  />
  <div
    class="styled__TotalLine-eq9qcb-3 gWJpiy"
    width="-45"
  />
</div>
`;
